******************************************************************************
                  TI ARM Linker PC v18.1.1                     
******************************************************************************
>> Linked Thu Jul  4 21:26:52 2019

OUTPUT FILE NAME:   <tiva3.out>
ENTRY POINT SYMBOL: "_c_int00_noargs"  address: 00007f31


MEMORY CONFIGURATION

         name            origin    length      used     unused   attr    fill
----------------------  --------  ---------  --------  --------  ----  --------
  RAM                   00000020   ffffffe0  0000840c  ffff7bd4  RWIX


SEGMENT ALLOCATION MAP

run origin  load origin   length   init length attrs members
----------  ----------- ---------- ----------- ----- -------
00000020    00000020    00004fa0   00000000    rw-
  00000020    00000020    00004fa0   00000000    rw- .bss
00004fc0    00004fc0    000031e4   000031e4    r-x
  00004fc0    00004fc0    000030b0   000030b0    r-x .text
  00008070    00008070    00000134   00000134    r-- .const
000081a4    000081a4    00000050   00000000    rw-
  000081a4    000081a4    00000050   00000000    rw- .data
000081f8    000081f8    00000200   00000000    rw-
  000081f8    000081f8    00000200   00000000    rw- .stack
000083f8    000083f8    00000038   00000038    r--
  000083f8    000083f8    00000038   00000038    r-- .cinit


SECTION ALLOCATION MAP

 output                                  attributes/
section   page    origin      length       input sections
--------  ----  ----------  ----------   ----------------
.bss       0    00000020    00004fa0     UNINITIALIZED
                  00000020    00004e20     heap_1.obj (.bss:ucHeap)
                  00004e40    000000a0     tasks.obj (.bss:pxReadyTasksLists)
                  00004ee0    00000028     croutine.obj (.bss:pxReadyCoRoutineLists)
                  00004f08    00000014     croutine.obj (.bss:xDelayedCoRoutineList1)
                  00004f1c    00000014     croutine.obj (.bss:xDelayedCoRoutineList2)
                  00004f30    00000014     tasks.obj (.bss:xDelayedTaskList1)
                  00004f44    00000014     tasks.obj (.bss:xDelayedTaskList2)
                  00004f58    00000014     croutine.obj (.bss:xPendingReadyCoRoutineList)
                  00004f6c    00000014     tasks.obj (.bss:xPendingReadyList)
                  00004f80    00000014     tasks.obj (.bss:xSuspendedTaskList)
                  00004f94    00000014     tasks.obj (.bss:xTasksWaitingTermination)
                  00004fa8    00000008     croutine.obj (.bss)
                  00004fb0    00000008     tasks.obj (.bss)
                  00004fb8    00000004     (.common:Key_Semaphore)
                  00004fbc    00000004     (.common:Key_Semaphore2)

.text      0    00004fc0    000030b0     
                  00004fc0    00001110     tasks.obj (.text)
                  000060d0    00000c6a     queue.obj (.text)
                  00006d3a    00000002     --HOLE-- [fill = 0]
                  00006d3c    00000394     croutine.obj (.text)
                  000070d0    0000013c     port.obj (.text)
                  0000720c    00000136     driverlib.lib : can.obj (.text:CANMessageSet)
                  00007342    00000132                   : gpio.obj (.text:GPIOPadConfigSet)
                  00007474    00000132     list.obj (.text)
                  000075a6    00000002     --HOLE-- [fill = 0]
                  000075a8    00000110     driverlib.lib : sysctl.obj (.text:SysCtlClockGet)
                  000076b8    0000010e                   : can.obj (.text:CANMessageGet)
                  000077c6    00000002     --HOLE-- [fill = 0]
                  000077c8    00000108     can1.obj (.text)
                  000078d0    00000104     User_tasks.obj (.text)
                  000079d4    000000da     portasm.obj (.text)
                  00007aae    00000002     --HOLE-- [fill = 0]
                  00007ab0    000000b8     main.obj (.text)
                  00007b68    0000009c     heap_1.obj (.text)
                  00007c04    0000009c     rtsv7M4_T_le_v4SPD16_eabi.lib : memcpy_t2.asm.obj (.text)
                  00007ca0    0000007a                                   : memset_t2.asm.obj (.text)
                  00007d1a    00000002     --HOLE-- [fill = 0]
                  00007d1c    0000006c     driverlib.lib : can.obj (.text:CANBitRateSet)
                  00007d88    00000068     rtsv7M4_T_le_v4SPD16_eabi.lib : copy_decompress_lzss.c.obj (.text:decompress:lzss:__TI_decompress_lzss)
                  00007df0    00000048     driverlib.lib : gpio.obj (.text:GPIOPinConfigure)
                  00007e38    00000044     rtsv7M4_T_le_v4SPD16_eabi.lib : autoinit.c.obj (.text:__TI_auto_init_nobinit_nopinit:__TI_auto_init_nobinit_nopinit)
                  00007e7c    00000040     driverlib.lib : can.obj (.text:CANStatusGet)
                  00007ebc    0000003a                   : can.obj (.text:CANInit)
                  00007ef6    00000002     --HOLE-- [fill = 0]
                  00007ef8    00000038                   : sysctl.obj (.text:SysCtlPeripheralReady)
                  00007f30    00000038     rtsv7M4_T_le_v4SPD16_eabi.lib : boot_cortex_m.c.obj (.text:_c_int00_noargs:_c_int00_noargs)
                  00007f68    00000034     driverlib.lib : sysctl.obj (.text:SysCtlPeripheralEnable)
                  00007f9c    0000002a                   : gpio.obj (.text:GPIODirModeSet)
                  00007fc6    0000002a                   : can.obj (.text:_CANDataRegRead)
                  00007ff0    00000024                   : can.obj (.text:_CANDataRegWrite)
                  00008014    00000018                   : gpio.obj (.text:GPIOPinTypeGPIOOutput)
                  0000802c    00000012                   : gpio.obj (.text:GPIOPinTypeCAN)
                  0000803e    0000000e     rtsv7M4_T_le_v4SPD16_eabi.lib : copy_decompress_none.c.obj (.text:decompress:none:__TI_decompress_none)
                  0000804c    0000000c                                   : copy_zero_init.c.obj (.text:decompress:ZI:__TI_zero_init)
                  00008058    0000000a     driverlib.lib : can.obj (.text:CANEnable)
                  00008062    00000006                   : gpio.obj (.text:GPIOPinWrite)
                  00008068    00000004     rtsv7M4_T_le_v4SPD16_eabi.lib : pre_init.c.obj (.text:_system_pre_init)
                  0000806c    00000004                                   : exit.c.obj (.text:abort:abort)

.const     0    00008070    00000134     
                  00008070    00000090     driverlib.lib : gpio.obj (.const:g_pui32GPIOBaseAddrs)
                  00008100    0000006c                   : sysctl.obj (.const:g_pui32Xtals)
                  0000816c    00000020                   : can.obj (.const)
                  0000818c    00000014     can1.obj (.const:$P$T0$1)
                  000081a0    00000004     port.obj (.const)

.data      0    000081a4    00000050     UNINITIALIZED
                  000081a4    00000034     tasks.obj (.data)
                  000081d8    0000000e     croutine.obj (.data)
                  000081e6    00000002     --HOLE--
                  000081e8    00000008     heap_1.obj (.data)
                  000081f0    00000004     port.obj (.data)

.cinit     0    000083f8    00000038     
                  000083f8    00000014     (.cinit..data.load) [load image, compression = lzss]
                  0000840c    0000000c     (__TI_handler_table)
                  00008418    00000008     (.cinit..bss.load) [load image, compression = zero_init]
                  00008420    00000010     (__TI_cinit_table)

.init_array 
*          0    00000020    00000000     UNINITIALIZED

.stack     0    000081f8    00000200     UNINITIALIZED
                  000081f8    00000004     rtsv7M4_T_le_v4SPD16_eabi.lib : boot_cortex_m.c.obj (.stack)
                  000081fc    000001fc     --HOLE--

MODULE SUMMARY

       Module                       code    ro data   rw data
       ------                       ----    -------   -------
    .\
       main.obj                     184     0         8      
    +--+----------------------------+-------+---------+---------+
       Total:                       184     0         8      
                                                             
    .\HAL\
       User_tasks.obj               260     0         0      
    +--+----------------------------+-------+---------+---------+
       Total:                       260     0         0      
                                                             
    .\Kernal\
       heap_1.obj                   156     0         20008  
       tasks.obj                    4368    0         320    
       queue.obj                    3178    0         0      
       croutine.obj                 916     0         122    
       port.obj                     316     4         4      
       list.obj                     306     0         0      
       portasm.obj                  218     0         0      
    +--+----------------------------+-------+---------+---------+
       Total:                       9458    4         20454  
                                                             
    .\MCAL\
       can1.obj                     264     20        0      
    +--+----------------------------+-------+---------+---------+
       Total:                       264     20        0      
                                                             
    C:/ti/TivaWare_C_Series-2.1.4.178/driverlib/ccs/Debug/driverlib.lib
       can.obj                      898     32        0      
       gpio.obj                     468     144       0      
       sysctl.obj                   380     108       0      
    +--+----------------------------+-------+---------+---------+
       Total:                       1746    284       0      
                                                             
    C:\ti\ccsv8\tools\compiler\ti-cgt-arm_18.1.1.LTS\lib\rtsv7M4_T_le_v4SPD16_eabi.lib
       memcpy_t2.asm.obj            156     0         0      
       memset_t2.asm.obj            122     0         0      
       copy_decompress_lzss.c.obj   104     0         0      
       autoinit.c.obj               68      0         0      
       boot_cortex_m.c.obj          56      0         0      
       copy_decompress_none.c.obj   14      0         0      
       copy_zero_init.c.obj         12      0         0      
       exit.c.obj                   4       0         0      
       pre_init.c.obj               4       0         0      
    +--+----------------------------+-------+---------+---------+
       Total:                       540     0         0      
                                                             
       Stack:                       0       0         512    
       Linker Generated:            0       56        0      
    +--+----------------------------+-------+---------+---------+
       Grand Total:                 12452   364       20974  


LINKER GENERATED COPY TABLES

__TI_cinit_table @ 00008420 records: 2, size/record: 8, table size: 16
	.data: load addr=000083f8, load size=00000014 bytes, run addr=000081a4, run size=00000050 bytes, compression=lzss
	.bss: load addr=00008418, load size=00000008 bytes, run addr=00000020, run size=00004fa0 bytes, compression=zero_init


LINKER GENERATED HANDLER TABLE

__TI_handler_table @ 0000840c records: 3, size/record: 4, table size: 12
	index: 0, handler: __TI_decompress_lzss
	index: 1, handler: __TI_decompress_none
	index: 2, handler: __TI_zero_init


GLOBAL SYMBOLS: SORTED ALPHABETICALLY BY Name 

address   name                             
-------   ----                             
0000806d  C$$EXIT                          
00007d1d  CANBitRateSet                    
00008059  CANEnable                        
00007ebd  CANInit                          
000076b9  CANMessageGet                    
0000720d  CANMessageSet                    
00007e7d  CANStatusGet                     
000078f9  CAN_Read                         
0000787b  CAN_SEND                         
000077c9  CAN_init1                        
0000781b  CAN_recieve                      
00007f9d  GPIODirModeSet                   
00007343  GPIOPadConfigSet                 
00007df1  GPIOPinConfigure                 
0000802d  GPIOPinTypeCAN                   
00008015  GPIOPinTypeGPIOOutput            
00008063  GPIOPinWrite                     
00004fb8  Key_Semaphore                    
00004fbc  Key_Semaphore2                   
00007949  LEDOn                            
000078d1  Preipherals_Init                 
00007989  SEND_key                         
000075a9  SysCtlClockGet                   
00007f69  SysCtlPeripheralEnable           
00007ef9  SysCtlPeripheralReady            
000083f8  __STACK_END                      
00000200  __STACK_SIZE                     
00008420  __TI_CINIT_Base                  
00008430  __TI_CINIT_Limit                 
0000840c  __TI_Handler_Table_Base          
00008418  __TI_Handler_Table_Limit         
00007e39  __TI_auto_init_nobinit_nopinit   
00007d89  __TI_decompress_lzss             
0000803f  __TI_decompress_none             
ffffffff  __TI_pprof_out_hndl              
ffffffff  __TI_prof_data_size              
ffffffff  __TI_prof_data_start             
000083f8  __TI_static_base__               
0000804d  __TI_zero_init                   
00007ca1  __aeabi_memclr                   
00007ca1  __aeabi_memclr4                  
00007ca1  __aeabi_memclr8                  
00007c05  __aeabi_memcpy                   
00007c05  __aeabi_memcpy4                  
00007c05  __aeabi_memcpy8                  
00007ca3  __aeabi_memset                   
00007ca3  __aeabi_memset4                  
00007ca3  __aeabi_memset8                  
ffffffff  __binit__                        
ffffffff  __c_args__                       
UNDEFED   __mpu_init                       
000081f8  __stack                          
00007f31  _c_int00_noargs                  
UNDEFED   _system_post_cinit               
00008069  _system_pre_init                 
0000806d  abort                            
ffffffff  binit                            
00007ab1  main                             
00007c05  memcpy                           
00007ca9  memset                           
000056f1  pcTaskGetName                    
00007b69  pvPortMalloc                     
000081d8  pxCurrentCoRoutine               
000081a4  pxCurrentTCB                     
000070d1  pxPortInitialiseStack            
000081a0  ulMaxSyscallInterruptPriority    
000079e5  ulPortGetIPSR                    
00005bd1  ulTaskNotifyTake                 
0000755f  uxListRemove                     
00006867  uxQueueMessagesWaiting           
0000689d  uxQueueMessagesWaitingFromISR    
0000687d  uxQueueSpacesAvailable           
000056eb  uxTaskGetNumberOfTasks           
00005ba1  uxTaskResetEventItemValue        
00006ded  vCoRoutineAddToDelayedList       
00006f93  vCoRoutineSchedule               
00007475  vListInitialise                  
000074a5  vListInitialiseItem              
000074f1  vListInsert                      
000074b5  vListInsertEnd                   
00007aa1  vPortEnableVFP                   
00007171  vPortEndScheduler                
00007173  vPortEnterCritical               
00007193  vPortExitCritical                
00007bd9  vPortFree                        
00007be3  vPortInitialiseBlocks            
00007a5d  vPortSVCHandler                  
000071cf  vPortSetupTimerInterrupt         
00007a7d  vPortStartFirstTask              
000068b3  vQueueDelete                     
000052f5  vTaskDelay                       
00005247  vTaskDelayUntil                  
00005199  vTaskDelete                      
000055a1  vTaskEndScheduler                
000059e3  vTaskInternalSetTimeOutState     
00005a95  vTaskMissedYield                 
00005f15  vTaskNotifyGiveFromISR           
0000587b  vTaskPlaceOnEventList            
000058a1  vTaskPlaceOnUnorderedEventList   
00005955  vTaskRemoveFromUnorderedEventList
00005461  vTaskResume                      
000059c5  vTaskSetTimeOutState             
00005557  vTaskStartScheduler              
00005339  vTaskSuspend                     
000055bd  vTaskSuspendAll                  
00005819  vTaskSwitchContext               
00006d3d  xCoRoutineCreate                 
0000706d  xCoRoutineRemoveFromEventList    
00007beb  xPortGetFreeHeapSize             
000079fd  xPortPendSVHandler               
0000713b  xPortStartScheduler              
000071a9  xPortSysTickHandler              
00006b95  xQueueCRReceive                  
00006cb7  xQueueCRReceiveFromISR           
00006ae5  xQueueCRSend                     
00006c6b  xQueueCRSendFromISR              
000061eb  xQueueCreateCountingSemaphore    
00006161  xQueueGenericCreate              
000060d1  xQueueGenericReset               
0000620b  xQueueGenericSend                
0000631d  xQueueGenericSendFromISR         
000063b9  xQueueGiveFromISR                
00006a79  xQueueIsQueueEmptyFromISR        
00006abf  xQueueIsQueueFullFromISR         
00006667  xQueuePeek                       
00006815  xQueuePeekFromISR                
0000644d  xQueueReceive                    
0000677b  xQueueReceiveFromISR             
00006561  xQueueSemaphoreTake              
00005a09  xTaskCheckForTimeOut             
00004fc1  xTaskCreate                      
00005d29  xTaskGenericNotify               
00005e0d  xTaskGenericNotifyFromISR        
000056a1  xTaskGetTickCount                
000056bd  xTaskGetTickCountFromISR         
00005715  xTaskIncrementTick               
00005fc1  xTaskNotifyStateClear            
00005c55  xTaskNotifyWait                  
000058dd  xTaskRemoveFromEventList         
000055cd  xTaskResumeAll                   
000054d1  xTaskResumeFromISR               


GLOBAL SYMBOLS: SORTED BY Symbol Address 

address   name                             
-------   ----                             
00000200  __STACK_SIZE                     
00004fb8  Key_Semaphore                    
00004fbc  Key_Semaphore2                   
00004fc1  xTaskCreate                      
00005199  vTaskDelete                      
00005247  vTaskDelayUntil                  
000052f5  vTaskDelay                       
00005339  vTaskSuspend                     
00005461  vTaskResume                      
000054d1  xTaskResumeFromISR               
00005557  vTaskStartScheduler              
000055a1  vTaskEndScheduler                
000055bd  vTaskSuspendAll                  
000055cd  xTaskResumeAll                   
000056a1  xTaskGetTickCount                
000056bd  xTaskGetTickCountFromISR         
000056eb  uxTaskGetNumberOfTasks           
000056f1  pcTaskGetName                    
00005715  xTaskIncrementTick               
00005819  vTaskSwitchContext               
0000587b  vTaskPlaceOnEventList            
000058a1  vTaskPlaceOnUnorderedEventList   
000058dd  xTaskRemoveFromEventList         
00005955  vTaskRemoveFromUnorderedEventList
000059c5  vTaskSetTimeOutState             
000059e3  vTaskInternalSetTimeOutState     
00005a09  xTaskCheckForTimeOut             
00005a95  vTaskMissedYield                 
00005ba1  uxTaskResetEventItemValue        
00005bd1  ulTaskNotifyTake                 
00005c55  xTaskNotifyWait                  
00005d29  xTaskGenericNotify               
00005e0d  xTaskGenericNotifyFromISR        
00005f15  vTaskNotifyGiveFromISR           
00005fc1  xTaskNotifyStateClear            
000060d1  xQueueGenericReset               
00006161  xQueueGenericCreate              
000061eb  xQueueCreateCountingSemaphore    
0000620b  xQueueGenericSend                
0000631d  xQueueGenericSendFromISR         
000063b9  xQueueGiveFromISR                
0000644d  xQueueReceive                    
00006561  xQueueSemaphoreTake              
00006667  xQueuePeek                       
0000677b  xQueueReceiveFromISR             
00006815  xQueuePeekFromISR                
00006867  uxQueueMessagesWaiting           
0000687d  uxQueueSpacesAvailable           
0000689d  uxQueueMessagesWaitingFromISR    
000068b3  vQueueDelete                     
00006a79  xQueueIsQueueEmptyFromISR        
00006abf  xQueueIsQueueFullFromISR         
00006ae5  xQueueCRSend                     
00006b95  xQueueCRReceive                  
00006c6b  xQueueCRSendFromISR              
00006cb7  xQueueCRReceiveFromISR           
00006d3d  xCoRoutineCreate                 
00006ded  vCoRoutineAddToDelayedList       
00006f93  vCoRoutineSchedule               
0000706d  xCoRoutineRemoveFromEventList    
000070d1  pxPortInitialiseStack            
0000713b  xPortStartScheduler              
00007171  vPortEndScheduler                
00007173  vPortEnterCritical               
00007193  vPortExitCritical                
000071a9  xPortSysTickHandler              
000071cf  vPortSetupTimerInterrupt         
0000720d  CANMessageSet                    
00007343  GPIOPadConfigSet                 
00007475  vListInitialise                  
000074a5  vListInitialiseItem              
000074b5  vListInsertEnd                   
000074f1  vListInsert                      
0000755f  uxListRemove                     
000075a9  SysCtlClockGet                   
000076b9  CANMessageGet                    
000077c9  CAN_init1                        
0000781b  CAN_recieve                      
0000787b  CAN_SEND                         
000078d1  Preipherals_Init                 
000078f9  CAN_Read                         
00007949  LEDOn                            
00007989  SEND_key                         
000079e5  ulPortGetIPSR                    
000079fd  xPortPendSVHandler               
00007a5d  vPortSVCHandler                  
00007a7d  vPortStartFirstTask              
00007aa1  vPortEnableVFP                   
00007ab1  main                             
00007b69  pvPortMalloc                     
00007bd9  vPortFree                        
00007be3  vPortInitialiseBlocks            
00007beb  xPortGetFreeHeapSize             
00007c05  __aeabi_memcpy                   
00007c05  __aeabi_memcpy4                  
00007c05  __aeabi_memcpy8                  
00007c05  memcpy                           
00007ca1  __aeabi_memclr                   
00007ca1  __aeabi_memclr4                  
00007ca1  __aeabi_memclr8                  
00007ca3  __aeabi_memset                   
00007ca3  __aeabi_memset4                  
00007ca3  __aeabi_memset8                  
00007ca9  memset                           
00007d1d  CANBitRateSet                    
00007d89  __TI_decompress_lzss             
00007df1  GPIOPinConfigure                 
00007e39  __TI_auto_init_nobinit_nopinit   
00007e7d  CANStatusGet                     
00007ebd  CANInit                          
00007ef9  SysCtlPeripheralReady            
00007f31  _c_int00_noargs                  
00007f69  SysCtlPeripheralEnable           
00007f9d  GPIODirModeSet                   
00008015  GPIOPinTypeGPIOOutput            
0000802d  GPIOPinTypeCAN                   
0000803f  __TI_decompress_none             
0000804d  __TI_zero_init                   
00008059  CANEnable                        
00008063  GPIOPinWrite                     
00008069  _system_pre_init                 
0000806d  C$$EXIT                          
0000806d  abort                            
000081a0  ulMaxSyscallInterruptPriority    
000081a4  pxCurrentTCB                     
000081d8  pxCurrentCoRoutine               
000081f8  __stack                          
000083f8  __STACK_END                      
000083f8  __TI_static_base__               
0000840c  __TI_Handler_Table_Base          
00008418  __TI_Handler_Table_Limit         
00008420  __TI_CINIT_Base                  
00008430  __TI_CINIT_Limit                 
ffffffff  __TI_pprof_out_hndl              
ffffffff  __TI_prof_data_size              
ffffffff  __TI_prof_data_start             
ffffffff  __binit__                        
ffffffff  __c_args__                       
ffffffff  binit                            
UNDEFED   __mpu_init                       
UNDEFED   _system_post_cinit               

[141 symbols]
